// Jest Snapshot v1, https://goo.gl/fbAQLP

exports[`Index.vue index matches snapshot 1`] = `
<div
  class="main-menu-bg"
>
  <div
    class="main-menu"
  >
    <div>
      <img
        alt="FireForceDefense"
        class="img-fluid"
        src="/assets/logo/logo.png"
        style="width: 250px;"
      />
    </div>
     
    <!---->
     
    <div
      class="input-group mb-3"
    >
      <div
        class="input-group-prepend"
      >
        <label
          class="input-group-text"
          for="nickname"
        >
          Nickname
        </label>
      </div>
       
      <input
        class="form-control"
        id="nickname"
      />
    </div>
     
    <div
      class="mb-3"
    >
      <button
        class="btn btn-primary btn-block btn-lg"
        type="submit"
      >
        
                log in
            
      </button>
    </div>
     
    <hr
      class="mb-3"
    />
     
    <div>
      <a
        class="btn btn-primary btn-block btn-lg"
      >
        Credits
      </a>
    </div>
  </div>
</div>
`;
